2026-09-13 19:27:53,851 - INFO - --- Start Data Pipeline ---
2026-09-13 19:27:53,854 - INFO - Extracting and cleaning: Yellow Taxi for month 01
2026-09-13 19:27:58,907 - INFO - ✅ Curated data saved: data/curated/yellow_2024_01_clean.parquet
2026-09-13 19:27:58,910 - INFO - Extracting and cleaning: Yellow Taxi for month 02
2026-09-13 19:28:04,680 - INFO - ✅ Curated data saved: data/curated/yellow_2024_02_clean.parquet
2026-09-13 19:28:04,683 - INFO - Extracting and cleaning: Yellow Taxi for month 03
2026-09-13 19:28:10,943 - INFO - ✅ Curated data saved: data/curated/yellow_2024_03_clean.parquet
2026-09-13 19:28:10,946 - INFO - Extracting and cleaning: Yellow Taxi for month 04
2026-09-13 19:28:16,279 - INFO - ✅ Curated data saved: data/curated/yellow_2024_04_clean.parquet
2026-09-13 19:28:16,281 - INFO - Extracting and cleaning: Yellow Taxi for month 05
2026-09-13 19:28:27,593 - INFO - ✅ Curated data saved: data/curated/yellow_2024_05_clean.parquet
2026-09-13 19:28:27,596 - INFO - Extracting and cleaning: Yellow Taxi for month 06
2026-09-13 19:28:32,269 - INFO - ✅ Curated data saved: data/curated/yellow_2024_06_clean.parquet
2026-09-13 19:28:32,271 - INFO - Extracting and cleaning: Green Taxi for month 01
2026-09-13 19:28:32,661 - INFO - ✅ Curated data saved: data/curated/green_2024_01_clean.parquet
2026-09-13 19:28:32,664 - INFO - Extracting and cleaning: Green Taxi for month 02
2026-09-13 19:28:33,003 - INFO - ✅ Curated data saved: data/curated/green_2024_02_clean.parquet
2026-09-13 19:28:33,006 - INFO - Extracting and cleaning: Green Taxi for month 03
2026-09-13 19:28:36,154 - INFO - ✅ Curated data saved: data/curated/green_2024_03_clean.parquet
2026-09-13 19:28:36,157 - INFO - Extracting and cleaning: Green Taxi for month 04
2026-09-13 19:28:38,437 - INFO - ✅ Curated data saved: data/curated/green_2024_04_clean.parquet
2026-09-13 19:28:38,440 - INFO - Extracting and cleaning: Green Taxi for month 05
2026-09-13 19:28:40,699 - INFO - ✅ Curated data saved: data/curated/green_2024_05_clean.parquet
2026-09-13 19:28:40,701 - INFO - Extracting and cleaning: Green Taxi for month 06
2026-09-13 19:28:44,028 - INFO - ✅ Curated data saved: data/curated/green_2024_06_clean.parquet
2026-09-13 19:28:44,031 - INFO - Extracting and cleaning: High Volume FHV for month 01
2026-09-13 19:29:37,102 - INFO - ✅ Curated data saved: data/curated/fhvhv_2024_01_clean.parquet
2026-09-13 19:29:37,105 - INFO - Extracting and cleaning: High Volume FHV for month 02
2026-09-13 19:30:18,314 - INFO - ✅ Curated data saved: data/curated/fhvhv_2024_02_clean.parquet
2026-09-13 19:30:18,317 - INFO - Extracting and cleaning: High Volume FHV for month 03
2026-09-13 19:31:02,721 - INFO - ✅ Curated data saved: data/curated/fhvhv_2024_03_clean.parquet
2026-09-13 19:31:02,723 - INFO - Extracting and cleaning: High Volume FHV for month 04
2026-09-13 19:31:03,752 - WARNING - ❌ Skipped High Volume FHV month 04: HTTP Error: HTTP GET error on 'https://d37ci6vzurychx.cloudfront.net/trip-data/fhvhv_tripdata_2024-04.parquet' (HTTP 0 Internal Server Error)

LINE 3:                     FROM read_parquet('https://d37ci6vzurychx.cloudfront.net/trip...
                                 ^
2026-09-13 19:31:03,754 - INFO - Extracting and cleaning: High Volume FHV for month 05
2026-09-13 19:31:04,522 - WARNING - ❌ Skipped High Volume FHV month 05: HTTP Error: HTTP GET error on 'https://d37ci6vzurychx.cloudfront.net/trip-data/fhvhv_tripdata_2024-05.parquet' (HTTP 0 Internal Server Error)

LINE 3:                     FROM read_parquet('https://d37ci6vzurychx.cloudfront.net/trip...
                                 ^
2026-09-13 19:31:04,525 - INFO - Extracting and cleaning: High Volume FHV for month 06
2026-09-13 19:31:05,182 - WARNING - ❌ Skipped High Volume FHV month 06: HTTP Error: HTTP GET error on 'https://d37ci6vzurychx.cloudfront.net/trip-data/fhvhv_tripdata_2024-06.parquet' (HTTP 0 Internal Server Error)

LINE 3:                     FROM read_parquet('https://d37ci6vzurychx.cloudfront.net/trip...
                                 ^
2026-09-13 19:31:05,186 - INFO - Extracting and cleaning: Traditional FHV for month 01
2026-09-13 19:31:05,844 - WARNING - ❌ Skipped Traditional FHV month 01: HTTP Error: HTTP GET error on 'https://d37ci6vzurychx.cloudfront.net/trip-data/fhv_tripdata_2024-01.parquet' (HTTP 0 Internal Server Error)

LINE 3:                     FROM read_parquet('https://d37ci6vzurychx.cloudfront.net/trip...
                                 ^
2026-09-13 19:31:05,847 - INFO - Extracting and cleaning: Traditional FHV for month 02
2026-09-13 19:31:06,506 - WARNING - ❌ Skipped Traditional FHV month 02: HTTP Error: HTTP GET error on 'https://d37ci6vzurychx.cloudfront.net/trip-data/fhv_tripdata_2024-02.parquet' (HTTP 0 Internal Server Error)

LINE 3:                     FROM read_parquet('https://d37ci6vzurychx.cloudfront.net/trip...
                                 ^
2026-09-13 19:31:06,509 - INFO - Extracting and cleaning: Traditional FHV for month 03
2026-09-13 19:31:07,166 - WARNING - ❌ Skipped Traditional FHV month 03: HTTP Error: HTTP GET error on 'https://d37ci6vzurychx.cloudfront.net/trip-data/fhv_tripdata_2024-03.parquet' (HTTP 0 Internal Server Error)

LINE 3:                     FROM read_parquet('https://d37ci6vzurychx.cloudfront.net/trip...
                                 ^
2026-09-13 19:31:07,170 - INFO - Extracting and cleaning: Traditional FHV for month 04
2026-09-13 19:31:07,823 - WARNING - ❌ Skipped Traditional FHV month 04: HTTP Error: HTTP GET error on 'https://d37ci6vzurychx.cloudfront.net/trip-data/fhv_tripdata_2024-04.parquet' (HTTP 0 Internal Server Error)

LINE 3:                     FROM read_parquet('https://d37ci6vzurychx.cloudfront.net/trip...
                                 ^
2026-09-13 19:31:07,826 - INFO - Extracting and cleaning: Traditional FHV for month 05
2026-09-13 19:31:08,485 - WARNING - ❌ Skipped Traditional FHV month 05: HTTP Error: HTTP GET error on 'https://d37ci6vzurychx.cloudfront.net/trip-data/fhv_tripdata_2024-05.parquet' (HTTP 0 Internal Server Error)

LINE 3:                     FROM read_parquet('https://d37ci6vzurychx.cloudfront.net/trip...
                                 ^
2026-09-13 19:31:08,487 - INFO - Extracting and cleaning: Traditional FHV for month 06
2026-09-13 19:31:09,143 - WARNING - ❌ Skipped Traditional FHV month 06: HTTP Error: HTTP GET error on 'https://d37ci6vzurychx.cloudfront.net/trip-data/fhv_tripdata_2024-06.parquet' (HTTP 0 Internal Server Error)

LINE 3:                     FROM read_parquet('https://d37ci6vzurychx.cloudfront.net/trip...
                                 ^
2026-09-13 19:31:09,144 - INFO - --- Start Analysis ---
2026-09-13 19:31:09,267 - INFO - Total trips for Yellow Taxi: 20,332,054
2026-09-13 19:31:09,307 - INFO - Total trips for Green Taxi: 339,801
2026-09-13 19:31:09,503 - INFO - Total trips for High Volume FHV: 60,303,866
2026-09-13 19:31:09,531 - WARNING - No curated data for Traditional FHV
2026-09-13 19:31:09,532 - INFO - =============================================
2026-09-13 19:31:09,533 - INFO - 🎉 Answer: Most used taxi type is 'High Volume FHV'
2026-09-13 19:31:09,534 - INFO - Total Trips: 60,303,866
2026-09-13 19:31:09,535 - INFO - =============================================
2026-09-13 19:31:09,536 - INFO - --- Pipeline Completed ---
